ARM Linker, 5.03 [Build 76] [MDK-ARM Lite]

==============================================================================

Section Cross References

    sam7.o(RESET) refers to sam7.o(STACK) for Stack_Top
    sam7.o(RESET) refers to entry.o(.ARM.Collect$$$$00000000) for __main
    blinky.o(.text) refers to blinky.o(.data) for j
    entry.o(.ARM.Collect$$$$00000000) refers (Special) to entry10a.o(.ARM.Collect$$$$0000000D) for __rt_final_cpp
    entry.o(.ARM.Collect$$$$00000000) refers (Special) to entry11a.o(.ARM.Collect$$$$0000000F) for __rt_final_exit
    entry.o(.ARM.Collect$$$$00000000) refers (Special) to entry7b.o(.ARM.Collect$$$$00000008) for _main_clock
    entry.o(.ARM.Collect$$$$00000000) refers (Special) to entry8b.o(.ARM.Collect$$$$0000000A) for _main_cpp_init
    entry.o(.ARM.Collect$$$$00000000) refers (Special) to entry9a.o(.ARM.Collect$$$$0000000B) for _main_init
    entry.o(.ARM.Collect$$$$00000000) refers (Special) to entry5.o(.ARM.Collect$$$$00000004) for _main_scatterload
    entry.o(.ARM.Collect$$$$00000000) refers (Special) to entry2.o(.ARM.Collect$$$$00000001) for _main_stk
    entry2.o(.ARM.Collect$$$$00000001) refers to entry2.o(.ARM.Collect$$$$00002712) for __lit__00000000
    entry2.o(.ARM.Collect$$$$00002712) refers to sam7.o(STACK) for __initial_sp
    entry5.o(.ARM.Collect$$$$00000004) refers to init.o(.text) for __scatterload
    entry9a.o(.ARM.Collect$$$$0000000B) refers to blinky.o(.text) for main
    entry9b.o(.ARM.Collect$$$$0000000C) refers to blinky.o(.text) for main
    init.o(.text) refers to init.o(i.__ARM_common_call_via_r3) for __ARM_common_call_via_r3
    init.o(.text) refers to entry5.o(.ARM.Collect$$$$00000004) for __main_after_scatterload


==============================================================================

Removing Unused input sections from the image.

    Removing sam7.o(HEAP), (0 bytes).
    Removing retarget.o(.text), (8 bytes).

2 unused section(s) (total 8 bytes) removed from the image.

==============================================================================

Adding Veneers to the image

    Adding AT veneer (8 bytes, Inline) for call to '__scatterload' from entry5.o(.ARM.Collect$$$$00000004).
    Adding TA veneer (8 bytes, Short) for call to '__main_after_scatterload' from init.o(.text).

2 Veneer(s) (total 16 bytes) added to the image.

==============================================================================

Image Symbol Table

    Local Symbols

    Symbol Name                              Value     Ov Type        Size  Object(Section)

    ../clib/microlib/init/entry.s            0x00000000   Number         0  entry9a.o ABSOLUTE
    ../clib/microlib/init/entry.s            0x00000000   Number         0  entry2.o ABSOLUTE
    ../clib/microlib/init/entry.s            0x00000000   Number         0  entry8a.o ABSOLUTE
    ../clib/microlib/init/entry.s            0x00000000   Number         0  entry8b.o ABSOLUTE
    ../clib/microlib/init/entry.s            0x00000000   Number         0  entry7b.o ABSOLUTE
    ../clib/microlib/init/entry.s            0x00000000   Number         0  entry7a.o ABSOLUTE
    ../clib/microlib/init/entry.s            0x00000000   Number         0  entry5.o ABSOLUTE
    ../clib/microlib/init/entry.s            0x00000000   Number         0  entry11b.o ABSOLUTE
    ../clib/microlib/init/entry.s            0x00000000   Number         0  entry11a.o ABSOLUTE
    ../clib/microlib/init/entry.s            0x00000000   Number         0  entry10b.o ABSOLUTE
    ../clib/microlib/init/entry.s            0x00000000   Number         0  entry10a.o ABSOLUTE
    ../clib/microlib/init/entry.s            0x00000000   Number         0  entry.o ABSOLUTE
    ../clib/microlib/init/entry.s            0x00000000   Number         0  entry9b.o ABSOLUTE
    ../clib/microlib/stubs.s                 0x00000000   Number         0  useno.o ABSOLUTE
    Blinky.c                                 0x00000000   Number         0  blinky.o ABSOLUTE
    Retarget.c                               0x00000000   Number         0  retarget.o ABSOLUTE
    SAM7.s                                   0x00000000   Number         0  sam7.o ABSOLUTE
    dc.s                                     0x00000000   Number         0  dc.o ABSOLUTE
    handlers.s                               0x00000000   Number         0  handlers.o ABSOLUTE
    init.s                                   0x00000000   Number         0  init.o ABSOLUTE
    RESET                                    0x00100000   Section      340  sam7.o(RESET)
    Undef_Handler                            0x00100040   ARM Code       4  sam7.o(RESET)
    SWI_Handler                              0x00100044   ARM Code       4  sam7.o(RESET)
    PAbt_Handler                             0x00100048   ARM Code       4  sam7.o(RESET)
    DAbt_Handler                             0x0010004c   ARM Code       4  sam7.o(RESET)
    IRQ_Handler                              0x00100050   ARM Code       4  sam7.o(RESET)
    FIQ_Handler                              0x00100054   ARM Code       4  sam7.o(RESET)
    .ARM.Collect$$$$00000000                 0x00100154   Section        0  entry.o(.ARM.Collect$$$$00000000)
    .ARM.Collect$$$$00000001                 0x00100154   Section        4  entry2.o(.ARM.Collect$$$$00000001)
    .ARM.Collect$$$$00000004                 0x00100158   Section        4  entry5.o(.ARM.Collect$$$$00000004)
    .ARM.Collect$$$$00000008                 0x0010015c   Section        0  entry7b.o(.ARM.Collect$$$$00000008)
    .ARM.Collect$$$$0000000A                 0x0010015c   Section        0  entry8b.o(.ARM.Collect$$$$0000000A)
    .ARM.Collect$$$$0000000B                 0x0010015c   Section       12  entry9a.o(.ARM.Collect$$$$0000000B)
    .ARM.Collect$$$$0000000D                 0x00100168   Section        0  entry10a.o(.ARM.Collect$$$$0000000D)
    .ARM.Collect$$$$0000000F                 0x00100168   Section        0  entry11a.o(.ARM.Collect$$$$0000000F)
    .ARM.Collect$$$$00002712                 0x00100168   Section        4  entry2.o(.ARM.Collect$$$$00002712)
    __lit__00000000                          0x00100168   Data           4  entry2.o(.ARM.Collect$$$$00002712)
    .text                                    0x0010016c   Section        0  blinky.o(.text)
    .text                                    0x00100248   Section       32  init.o(.text)
    i.__ARM_common_call_via_r3               0x00100270   Section        2  init.o(i.__ARM_common_call_via_r3)
    i.__scatterload_copy                     0x00100274   Section       28  handlers.o(i.__scatterload_copy)
    i.__scatterload_null                     0x00100290   Section        4  handlers.o(i.__scatterload_null)
    i.__scatterload_zeroinit                 0x00100294   Section       24  handlers.o(i.__scatterload_zeroinit)
    .data                                    0x00200000   Section        8  blinky.o(.data)
    STACK                                    0x00200008   Section     1160  sam7.o(STACK)
    Stack_Top                                0x00200490   Data           0  sam7.o(STACK)

    Global Symbols

    Symbol Name                              Value     Ov Type        Size  Object(Section)

    BuildAttributes$$THM_ISAv1$ARM_ISAv4$S$PE$A:L22$X:L11$S22$IEEE1$IW$USESV6$~STKCKD$USESV7$~SHL$OSPACE$EBA8$MICROLIB$REQ8$PRES8$EABIv2 0x00000000   Number         0  anon$$obj.o ABSOLUTE
    __ARM_use_no_argv                        0x00000000   Number         0  blinky.o ABSOLUTE
    __use_no_errno                           0x00000000   Number         0  useno.o ABSOLUTE
    __use_no_exception_handling              0x00000000   Number         0  useno.o ABSOLUTE
    __use_no_fp                              0x00000000   Number         0  useno.o ABSOLUTE
    __use_no_heap                            0x00000000   Number         0  useno.o ABSOLUTE
    __use_no_heap_region                     0x00000000   Number         0  useno.o ABSOLUTE
    __use_no_semihosting                     0x00000000   Number         0  useno.o ABSOLUTE
    __use_no_semihosting_swi                 0x00000000   Number         0  useno.o ABSOLUTE
    __use_no_signal_handling                 0x00000000   Number         0  useno.o ABSOLUTE
    __cpp_initialize__aeabi_                  - Undefined Weak Reference
    __cxa_finalize                            - Undefined Weak Reference
    __decompress                              - Undefined Weak Reference
    _clock_init                               - Undefined Weak Reference
    _microlib_exit                            - Undefined Weak Reference
    Reset_Handler                            0x00100058   ARM Code       0  sam7.o(RESET)
    __main                                   0x00100154   ARM Code       0  entry.o(.ARM.Collect$$$$00000000)
    _main_stk                                0x00100154   ARM Code       0  entry2.o(.ARM.Collect$$$$00000001)
    _main_scatterload                        0x00100158   ARM Code       0  entry5.o(.ARM.Collect$$$$00000004)
    __main_after_scatterload                 0x0010015c   ARM Code       0  entry5.o(.ARM.Collect$$$$00000004)
    _main_clock                              0x0010015c   ARM Code       0  entry7b.o(.ARM.Collect$$$$00000008)
    _main_cpp_init                           0x0010015c   ARM Code       0  entry8b.o(.ARM.Collect$$$$0000000A)
    _main_init                               0x0010015c   ARM Code       0  entry9a.o(.ARM.Collect$$$$0000000B)
    __rt_final_cpp                           0x00100168   ARM Code       0  entry10a.o(.ARM.Collect$$$$0000000D)
    __rt_final_exit                          0x00100168   ARM Code       0  entry11a.o(.ARM.Collect$$$$0000000F)
    delay                                    0x0010016c   ARM Code      64  blinky.o(.text)
    main                                     0x001001ac   ARM Code     128  blinky.o(.text)
    Inline ARM to Thumb Veneer to __scatterload 0x00100240   ARM Code       8  init.o(.text)
    __scatterload                            0x00100249   Thumb Code    24  init.o(.text)
    __scatterload_rt2                        0x00100249   Thumb Code     0  init.o(.text)
    Short Thumb to ARM Veneer to __main_after_scatterload 0x00100269   Thumb Code     8  anon$$obj.o(Veneer$$Code)
    __ARM_common_call_via_r3                 0x00100271   Thumb Code     2  init.o(i.__ARM_common_call_via_r3)
    __scatterload_copy                       0x00100274   ARM Code      28  handlers.o(i.__scatterload_copy)
    __scatterload_null                       0x00100290   ARM Code       4  handlers.o(i.__scatterload_null)
    __scatterload_zeroinit                   0x00100294   ARM Code      24  handlers.o(i.__scatterload_zeroinit)
    Region$$Table$$Base                      0x001002ac   Number         0  anon$$obj.o(Region$$Table)
    Region$$Table$$Limit                     0x001002cc   Number         0  anon$$obj.o(Region$$Table)
    i                                        0x00200000   Data           4  blinky.o(.data)
    j                                        0x00200004   Data           4  blinky.o(.data)
    __initial_sp                             0x00200408   Data         136  sam7.o(STACK)



==============================================================================

Memory Map of the image

  Image Entry point : 0x00100154

  Load Region LR_IROM1 (Base: 0x00100000, Size: 0x000002d4, Max: 0x00080000, ABSOLUTE)

    Execution Region ER_IROM1 (Base: 0x00100000, Size: 0x000002cc, Max: 0x00080000, ABSOLUTE)

    Base Addr    Size         Type   Attr      Idx    E Section Name        Object

    0x00100000   0x00000154   Code   RO            3    RESET               sam7.o
    0x00100154   0x00000000   Code   RO           45  * .ARM.Collect$$$$00000000  mc_t.l(entry.o)
    0x00100154   0x00000004   Code   RO           48    .ARM.Collect$$$$00000001  mc_t.l(entry2.o)
    0x00100158   0x00000004   Code   RO           50    .ARM.Collect$$$$00000004  mc_t.l(entry5.o)
    0x0010015c   0x00000000   Code   RO           52    .ARM.Collect$$$$00000008  mc_t.l(entry7b.o)
    0x0010015c   0x00000000   Code   RO           54    .ARM.Collect$$$$0000000A  mc_t.l(entry8b.o)
    0x0010015c   0x0000000c   Code   RO           55    .ARM.Collect$$$$0000000B  mc_t.l(entry9a.o)
    0x00100168   0x00000000   Code   RO           57    .ARM.Collect$$$$0000000D  mc_t.l(entry10a.o)
    0x00100168   0x00000000   Code   RO           59    .ARM.Collect$$$$0000000F  mc_t.l(entry11a.o)
    0x00100168   0x00000004   Code   RO           49    .ARM.Collect$$$$00002712  mc_t.l(entry2.o)
    0x0010016c   0x000000d4   Code   RO           24    .text               blinky.o
    0x00100240   0x00000008   Ven    RO           61    .text               mc_t.l(init.o)
    0x00100248   0x00000020   Code   RO           61    .text               mc_t.l(init.o)
    0x00100268   0x00000008   Ven    RO           74    Veneer$$Code        anon$$obj.o
    0x00100270   0x00000002   Code   RO           63    i.__ARM_common_call_via_r3  mc_t.l(init.o)
    0x00100272   0x00000002   PAD
    0x00100274   0x0000001c   Code   RO           67    i.__scatterload_copy  mc_t.l(handlers.o)
    0x00100290   0x00000004   Code   RO           68    i.__scatterload_null  mc_t.l(handlers.o)
    0x00100294   0x00000018   Code   RO           69    i.__scatterload_zeroinit  mc_t.l(handlers.o)
    0x001002ac   0x00000020   Data   RO           65    Region$$Table       anon$$obj.o


    Execution Region RW_IRAM1 (Base: 0x00200000, Size: 0x00000490, Max: 0x00008000, ABSOLUTE)

    Base Addr    Size         Type   Attr      Idx    E Section Name        Object

    0x00200000   0x00000008   Data   RW           25    .data               blinky.o
    0x00200008   0x00000488   Zero   RW            1    STACK               sam7.o


==============================================================================

Image component sizes


      Code (inc. data)   RO Data    RW Data    ZI Data      Debug   Object Name

       212         20          0          8          0        775   blinky.o
         0          0          0          0          0       1444   retarget.o
       340         72          0          0       1160        316   sam7.o

    ----------------------------------------------------------------------
       560         92         32          8       1160       2535   Object Totals
         8          0         32          0          0          0   (incl. Generated)
         0          0          0          0          0          0   (incl. Padding)

    ----------------------------------------------------------------------

      Code (inc. data)   RO Data    RW Data    ZI Data      Debug   Library Member Name

         0          0          0          0          0          0   entry.o
         0          0          0          0          0          0   entry10a.o
         0          0          0          0          0          0   entry11a.o
         8          4          0          0          0          0   entry2.o
         4          0          0          0          0          0   entry5.o
         0          0          0          0          0          0   entry7b.o
         0          0          0          0          0          0   entry8b.o
        12          4          0          0          0          0   entry9a.o
        56          0          0          0          0          0   handlers.o
        42          8          0          0          0        136   init.o

    ----------------------------------------------------------------------
       124         16          0          0          0        136   Library Totals
         2          0          0          0          0          0   (incl. Padding)

    ----------------------------------------------------------------------

      Code (inc. data)   RO Data    RW Data    ZI Data      Debug   Library Name

       122         16          0          0          0        136   mc_t.l

    ----------------------------------------------------------------------
       124         16          0          0          0        136   Library Totals

    ----------------------------------------------------------------------

==============================================================================


      Code (inc. data)   RO Data    RW Data    ZI Data      Debug   

       684        108         32          8       1160       2619   Grand Totals
       684        108         32          8       1160       2619   ELF Image Totals
       684        108         32          8          0          0   ROM Totals

==============================================================================

    Total RO  Size (Code + RO Data)                  716 (   0.70kB)
    Total RW  Size (RW Data + ZI Data)              1168 (   1.14kB)
    Total ROM Size (Code + RO Data + RW Data)        724 (   0.71kB)

==============================================================================

